[www.bmw.com/en/index.html]
[www.bmw.com/etc.clientlibs/settings/wcm/designs/bmwcom/base/resources/ci2020/img/favicon.png]
[www.bmw.com/etc.clientlibs/settings/wcm/designs/bmwcom/base/resources/ci2020/img/apple-touch-icon.png]
[backblue.gif]
[fade.gif]
[index.html]
[www.bmw.com/content/dam/bmw/marketBMWCOM/bmw_com/categories/home/BMW_OG.jpg]
[www.bmw.com/etc/clientlibs/wcmp/consentcontroller.fallback/epaas.js]
[www.bmw.com/content/dam/bmw/marketBMWCOM/bmw_com/configuration/tracylib.js.asset.1660653358824.js]
[www.bmw.com/etc.clientlibs/bmwcom/clientlibs/clientlib-dependencies.min.prod5.1691126179817.min.css]
[www.bmw.com/etc.clientlibs/bmwcom/clientlibs/clientlib-site.min.prod5.1691126179817.min.css]
[www.bmw.com/etc.clientlibs/bmwcom/clientlibs/clientlib-site.min.prod5.1691126179817.js]
[www.bmw.com/en/ak.m]
[www.bmw.com/en/ak.t]
[www.bmw.com/en/circular-world.html]
[www.bmw.com/en/digital-journey.html]
[www.bmw.com/en/electric-future.html]
[www.bmw.com/en/freude.html]
[www.bmw.com/en/digital-journey/bmw-i5-helpful-features-for-everyday-life.html]
[www.bmw.com/content/dam/bmw/marketBMWCOM/bmw_com/categories/digital-journey/i5/i5-00-teaser-hd.jpg]
[www.bmw.com/en/innovation/hypnopolis2-podcast.html]
[www.bmw.com/content/dam/bmw/marketBMWCOM/bmw_com/categories/Innovation/hypnopolis2-podcast/hypno2-00-teaser-square.jpg]
[www.bmw.com/content/dam/bmw/marketBMWCOM/bmw_com/categories/Innovation/hypnopolis2-podcast/hypno2-00-teaser-high.jpg]
[www.bmw.com/en/freude/freude-forever-magazine-issue2-the-neue-new.html]
[www.bmw.com/content/dam/bmw/marketBMWCOM/bmw_com/categories/freude/ff2/ff2-00-teaser-square.jpg]
[www.bmw.com/content/dam/bmw/marketBMWCOM/bmw_com/categories/freude/ff2/ff2-00-teaser-high.jpg]
[www.bmw.com/content/dam/bmw/marketBMWCOM/bmw_com/categories/automotive-life/ex-logo/exl-01-stage-hd9.jpg]
[www.bmw.com/en/bmw-explained.html]
[www.bmw.com/en/podcasts-overview.html]
[www.bmw.com/content/dam/bmw/marketBMWCOM/bmw_com/categories/electric-future/emyths/em-00-teaser-high.jpg]
[www.bmw.com/content/dam/bmw/marketBMWCOM/bmw_com/categories/podcast-teaser/fat/fat-00-teaser-high.jpg]
[www.bmw.com/content/dam/bmw/marketBMWCOM/bmw_com/categories/podcast-teaser/dee/dee-00-teaser-high.jpg]
[www.bmw.com/content/dam/bmw/marketBMWCOM/bmw_com/categories/podcasts/greenest-car-lp/gcl-001-teaser-high.jpg]
[www.bmw.com/content/dam/bmw/marketBMWCOM/bmw_com/categories/podcast-teaser/fwd-00-teaser-high.jpg]
[www.bmw.com/content/dam/bmw/marketBMWCOM/bmw_com/categories/Innovation/hypnopolis-podcast/bmw-podcast-hypnopolis-00-teaser-high-00.jpg]
[www.bmw.com/content/dam/bmw/marketBMWCOM/bmw_com/podcasts/changing_lanes/en/cl-00-teaser-high.jpg]
[www.bmw.com/en/neue-klasse.html]
[www.bmw.com/content/dam/bmw/marketBMWCOM/bmw_com/categories/events/neue-klasse/neue-klasse-hub-00-teaser-hd.jpg]
[www.bmw.com/content/dam/bmw/marketBMWCOM/bmw_com/categories/events/neue-klasse/neue-klasse-hub-00-teaser-square.jpg]
[www.bmw.com/en/freude/bmw-vision-neue-klasse-a-new-perspective-on-mobility.html]
[www.bmw.com/content/dam/bmw/marketBMWCOM/bmw_com/categories/events/neue-klasse/mobility/nk-mag-00-teaser-hd.jpg]
[www.bmw.com/en/neue-klasse/road-to-neue-klasse.html]
[www.bmw.com/content/dam/bmw/marketBMWCOM/bmw_com/categories/events/neue-klasse/neue-klasse-prime-00-teaser-hd.jpg]
[www.bmw.com/content/dam/bmw/marketBMWCOM/bmw_com/categories/events/neue-klasse/neue-klasse-prime-00-teaser-high.jpg]
[www.bmw.com/en/electric-future/electric-car-myths-podcast.html]
[www.bmw.com/en/innovation/how-hydrogen-fuel-cell-cars-work.html]
[www.bmw.com/content/dam/bmw/marketBMWCOM/bmw_com/categories/Innovation/wasserstoff/wss-00-teaser-hd.jpg]
[www.bmw.com/content/dam/bmw/marketBMWCOM/bmw_com/categories/Innovation/wasserstoff/wss-00-teaser-high-pod-1.jpg]
[www.bmw.com/en/digital-journey/startups-and-the-future-of-mobility-with-alexandra-renner.html]
[www.bmw.com/content/dam/bmw/marketBMWCOM/bmw_com/categories/digital-journey/fat-Alexandra-Renner/audiopodcast-00-teaser-hd.jpg]
[www.bmw.com/content/dam/bmw/marketBMWCOM/bmw_com/categories/digital-journey/fat-Alexandra-Renner/audiopodcast-01-teaser-square.jpg]
[www.bmw.com/en/electric-future/short-film-the-calm-bmw-i7-m70.html]
[www.bmw.com/content/dam/bmw/marketBMWCOM/bmw_com/categories/electric-future/thecalm/tc-00-teaser-hd.jpg]
[www.bmw.com/content/dam/bmw/marketBMWCOM/bmw_com/categories/electric-future/thecalm/tc-00-teaser-high.jpg]
[www.bmw.com/en/electric-future/the-icon-electromobililty-on-the-water.html]
[www.bmw.com/content/dam/bmw/marketBMWCOM/bmw_com/categories/electric-future/iow/iow-00-teaser-hd.jpg]
[www.bmw.com/content/dam/bmw/marketBMWCOM/bmw_com/categories/electric-future/iow/iow-00-teaser-high.jpg]
[www.bmw.com/en/freude/that-is-new-luxury.html]
[www.bmw.com/content/dam/bmw/marketBMWCOM/bmw_com/categories/Innovation/nfl/nfl-00-teaser-hd.jpg]
[www.bmw.com/content/dam/bmw/marketBMWCOM/bmw_com/categories/Innovation/nfl/nfl-00-teaser-high.jpg]
[www.bmw.com/en/circular-world/the-afterlife-of-a-bmw-car.html]
[www.bmw.com/content/dam/bmw/marketBMWCOM/bmw_com/categories/circular-world/col/col-00-teaser-hd.jpg]
[www.bmw.com/content/dam/bmw/marketBMWCOM/bmw_com/categories/circular-world/col/col-00-teaser-high.jpg]
[www.bmw.com/en/magazine/sustainability/eco-friendly-indulgence-with-the-bmw-i7-to-the-kashiwaya-restaurant-osaka-japan.html]
[www.bmw.com/content/dam/bmw/marketBMWCOM/bmw_com/categories/sustainability/stl-japan/stl-japan-00-teaser-hd.jpg]
[www.bmw.com/content/dam/bmw/marketBMWCOM/bmw_com/categories/sustainability/stl-japan/stl-japan-00-teaser-high.jpg]
[www.bmw.com/en/magazine/automotive-life/naomi-campbell-bmw-xm-dare-to-be-you.html]
[www.bmw.com/content/dam/bmw/marketBMWCOM/bmw_com/categories/automotive-life/naomi/nao-00-teaser-hd.jpg]
[www.bmw.com/content/dam/bmw/marketBMWCOM/bmw_com/categories/automotive-life/naomi/nao-00-teaser-high.jpg]
[www.bmw.com/en/magazine/innovation/the-future-of-design-according-to-simone-jarmer.html]
[www.bmw.com/content/dam/bmw/marketBMWCOM/bmw_com/categories/Innovation/sj/sj-00-teaser-hd.jpg]
[www.bmw.com/content/dam/bmw/marketBMWCOM/bmw_com/categories/Innovation/sj/sj-00-teaser-square.jpg]
[www.bmw.com/en/magazine/automotive-life/obsessed-by-bmw-featuring-ruba-abu-nimah-and-tyshawn-jones.html]
[www.bmw.com/content/dam/bmw/marketBMWCOM/bmw_com/categories/automotive-life/ruba/ru-00-teaser-hd.jpg]
[www.bmw.com/content/dam/bmw/marketBMWCOM/bmw_com/categories/automotive-life/ruba/ru-00-teaser-high.jpg]
[www.bmw.com/en/magazine/automotive-life/meet-franks-a-bold-magical-woman.html]
[www.bmw.com/content/dam/bmw/marketBMWCOM/bmw_com/categories/automotive-life/world-womens-day-23/wwd23-00-teaser-hd.jpg]
[www.bmw.com/content/dam/bmw/marketBMWCOM/bmw_com/categories/automotive-life/world-womens-day-23/wwd23-00-teaser-high.jpg]
[www.bmw.com/en/magazine/automotive-life/autonomous-mobility.html]
[www.bmw.com/content/dam/bmw/marketBMWCOM/bmw_com/categories/automotive-life/academy/ac-00-teaser-hd.jpg]
[www.bmw.com/content/dam/bmw/marketBMWCOM/bmw_com/categories/automotive-life/academy/ac-00-teaser-high.jpg]
[www.bmw.com/en/podcasts/dee-my-guest.html]
[www.bmw.com/en/magazine/design/anna-heupel-bmw-220i-coupe-sweden-car-photography-tips.html]
[www.bmw.com/content/dam/bmw/marketBMWCOM/bmw_com/categories/Design/autofoto/autofoto-00-teaser-hd.jpg]
[www.bmw.com/content/dam/bmw/marketBMWCOM/bmw_com/categories/Design/autofoto/autofoto-00-teaser-square.jpg]
[www.bmw.com/en/magazine/automotive-life/what-to-do-in-copenhagen.html]
[www.bmw.com/content/dam/bmw/marketBMWCOM/bmw_com/categories/automotive-life/Norrebro/Norrebro-00-teaser-hd.jpg]
[www.bmw.com/content/dam/bmw/marketBMWCOM/bmw_com/categories/automotive-life/Norrebro/Norrebro-00-teaser-high.jpg]
[www.bmw.com/en/magazine/design/bmw-i7-a-new-perspective.html]
[www.bmw.com/content/dam/bmw/marketBMWCOM/bmw_com/categories/Design/i7new/i7new-00-teaser-hd.jpg]
[www.bmw.com/content/dam/bmw/marketBMWCOM/bmw_com/categories/Design/i7new/i7new-00-teaser-high.jpg]
[www.bmw.com/en/events/nextgen2023/arnold-schwarzenegger-interview.html]
[www.bmw.com/content/dam/bmw/marketBMWCOM/bmw_com/categories/events/ng23/ng23-arnold-00-teaser-hd.jpg]
[www.bmw.com/content/dam/bmw/marketBMWCOM/bmw_com/categories/events/ng23/ng23-arnold-00-teaser-high.jpg]
[www.bmw.com/en/events/nextgen2023.html]
[www.bmw.com/content/dam/bmw/marketBMWCOM/bmw_com/categories/events/ng23/ng23-dee-00-teaser-hd.jpg]
[www.bmw.com/content/dam/bmw/marketBMWCOM/bmw_com/categories/events/ng23/ng23-dee-00-teaser-high.jpg]
[www.bmw.com/en/events/nextgen2023/dee-live-on-tape.html]
[www.bmw.com/content/dam/bmw/marketBMWCOM/bmw_com/categories/events/ng23/ng23-lot-00-teaser-hd.jpg]
[www.bmw.com/content/dam/bmw/marketBMWCOM/bmw_com/categories/events/ng23/ng23-lot-00-teaser-high.jpg]
[www.bmw.com/en/magazine/automotive-life/the-three-letters-of-joy.html]
[www.bmw.com/content/dam/bmw/marketBMWCOM/bmw_com/categories/automotive-life/joy-xmas/joy-00-teaser-hd.jpg]
[www.bmw.com/content/dam/bmw/marketBMWCOM/bmw_com/categories/automotive-life/joy-xmas/joy-00-teaser-high.jpg]
[www.bmw.com/en/{{href}}]
[www.bmw.com/en/{{imageDesktop}}]
[www.bmw.com/en/{{imageMobile}}]
[www.bmw.com/en/{{imageDesktop}}f715]
[www.bmw.com/en/{{imageMobile}}f715]
[www.bmw.com/en/{{previewImageDesktop}}]
[www.bmw.com/en/{{previewImageMobile}}]
[www.bmw.com/en/footer/eu-detergents-regulation/eu-detergents-overview.html]
[www.bmw.com/en/footer/reach-campaign.html]
[www.bmw.com/en/footer/software-updates.html]
[www.bmw.com/en/footer/accessories-updates.html]
[www.bmw.com/en/footer/connectedtestvehicles/connectedtestvehicle-overview.html]
[www.bmw.com/en/footer/support-charging-products.html]
[www.bmw.com/en/footer/about-bmw-com.html]
[www.bmw.com/en/footer/cookies.html]
[www.bmw.com/en/footer/imprint.html]
[www.bmw.com/en/footer/legal-notice.html]
[www.bmw.com/etc.clientlibs/business/commons/components/epaas-notavailable-banner/clientlib.min.prod5.20230911-085614.min.css]
[www.bmw.com/en/index.html]
[www.bmw.com/etc.clientlibs/bmwcom/clientlibs/clientlib-dependencies.min.prod5.1691126179817.min.css]
[www.bmw.com/sw-content.js]
[www.bmw.com/etc.clientlibs/bmwcom/clientlibs/clientlib-site/resources/fonts/BMWTypeNextLatin.woff2]
[www.bmw.com/etc.clientlibs/bmwcom/clientlibs/clientlib-site/resources/fonts/playfair.woff2]
[www.bmw.com/etc.clientlibs/bmwcom/clientlibs/clientlib-site/resources/img/icon-play.svg]
[www.bmw.com/etc.clientlibs/bmwcom/clientlibs/clientlib-site/resources/img/icon-pause.svg]
[www.bmw.com/etc.clientlibs/bmwcom/clientlibs/clientlib-site/resources/img/pcl-applepodcast.png]
[www.bmw.com/etc.clientlibs/bmwcom/clientlibs/clientlib-site/resources/img/pcl-castbox.png]
[www.bmw.com/etc.clientlibs/bmwcom/clientlibs/clientlib-site/resources/img/pcl-deezer.svg]
[www.bmw.com/etc.clientlibs/bmwcom/clientlibs/clientlib-site/resources/img/pcl-googlepodcast.png]
[www.bmw.com/etc.clientlibs/bmwcom/clientlibs/clientlib-site/resources/img/pcl-iheartradio.png]
[www.bmw.com/etc.clientlibs/bmwcom/clientlibs/clientlib-site/resources/img/pcl-itunes.png]
[www.bmw.com/etc.clientlibs/bmwcom/clientlibs/clientlib-site/resources/img/pcl-soundcloud.png]
[www.bmw.com/etc.clientlibs/bmwcom/clientlibs/clientlib-site/resources/img/pcl-spotify.png]
[www.bmw.com/etc.clientlibs/bmwcom/clientlibs/clientlib-site/resources/img/pcl-youtube.png]
[www.bmw.com/etc.clientlibs/bmwcom/clientlibs/clientlib-site/resources/img/numbers_sprite.png]
[www.bmw.com/etc.clientlibs/bmwcom/clientlibs/clientlib-site.min.prod5.1691126179817.min.css]
[www.bmw.com/en/ak.html]
[www.bmw.com/en/ak-2.html]
[www.bmw.com/content/dam/bmw/marketBMWCOM/bmw_com/categories/newcat/cw/cw-og.jpg]
[www.bmw.com/content/dam/bmw/marketBMWCOM/bmw_com/categories/newcat/cw/cw-01-stage-hd.jpg]
[www.bmw.com/content/dam/bmw/marketBMWCOM/bmw_com/categories/newcat/cw/cw-01-stage-portrait.jpg]
[www.bmw.com/content/dam/bmw/marketBMWCOM/bmw_com/categories/circular-world/col/col-00-teaser-square.jpg]
[www.bmw.com/en/podcasts/the-greenest-car-audio-documentary.html]
[www.bmw.com/content/dam/bmw/marketBMWCOM/bmw_com/categories/podcasts/greenest-car-lp/gcl-001-teaser-hd.jpg]
[www.bmw.com/en/magazine/sustainability/coldplay-bmw-i3-batteries-tour-2022.html]
[www.bmw.com/content/dam/bmw/marketBMWCOM/bmw_com/categories/sustainability/Coldplay/cp_00_teaser_hd.jpg]
[www.bmw.com/content/dam/bmw/marketBMWCOM/bmw_com/categories/sustainability/Coldplay/cp_00_teaser_high.jpg]
[www.bmw.com/en/magazine/sustainability/consciously-traveling-through-norway-in-the-bmw-ix.html]
[www.bmw.com/content/dam/bmw/marketBMWCOM/bmw_com/categories/sustainability/linari-2/ln2-00-teaser-hd.jpg]
[www.bmw.com/content/dam/bmw/marketBMWCOM/bmw_com/categories/sustainability/linari-2/ln2-00-teaser-high.jpg]
[www.bmw.com/en/magazine/sustainability/bmw-experts-visions-of-future-mobility.html]
[www.bmw.com/content/dam/bmw/marketBMWCOM/bmw_com/categories/sustainability/greenest-car/gc-00-teaser-hd.jpg]
[www.bmw.com/content/dam/bmw/marketBMWCOM/bmw_com/categories/sustainability/greenest-car/gc-00-teaser-square.jpg]
[www.bmw.com/en/magazine/sustainability/meet-the-sustainability-game-changers-of-the-bmw-group.html]
[www.bmw.com/content/dam/bmw/marketBMWCOM/bmw_com/categories/sustainability/creativeminds/sus-00-teaser-hd.jpg]
[www.bmw.com/content/dam/bmw/marketBMWCOM/bmw_com/categories/Innovation/Finest-Fabrics/ff-00-teaser-high.jpg]
[www.bmw.com/en/magazine/innovation/discover-japan-sustainable-journey-with-genta-ishihara-and-the-bmw-ix.html]
[www.bmw.com/content/dam/bmw/marketBMWCOM/bmw_com/categories/automotive-life/with-yamanashi02-ix/com_220303_withbmw_yamanashi_hd.jpg]
[www.bmw.com/content/dam/bmw/marketBMWCOM/bmw_com/categories/automotive-life/with-yamanashi02-ix/com_220303_withbmw_yamanashi_high.jpg]
[www.bmw.com/en/magazine/sustainability/the-future-of-circularity-with-anna-goldhofer.html]
[www.bmw.com/content/dam/bmw/marketBMWCOM/bmw_com/categories/sustainability/Norwegen-roadtrip/ang-00-teaser-hd.jpg]
[www.bmw.com/content/dam/bmw/marketBMWCOM/bmw_com/categories/sustainability/Norwegen-roadtrip/ang-00-teaser-high.jpg]
[www.bmw.com/en/magazine/innovation/conscious-travel-bmw-ix-sustainable-enjoyment-in-south-tyrol.html]
[www.bmw.com/content/dam/bmw/marketBMWCOM/bmw_com/categories/Innovation/greenjoy/sgj-00-teaser-hd.jpg]
[www.bmw.com/content/dam/bmw/marketBMWCOM/bmw_com/categories/Innovation/greenjoy/sgj-00-teaser-high.jpg]
[www.bmw.com/en/magazine/sustainability/circularity-at-bmw.html]
[www.bmw.com/content/dam/bmw/marketBMWCOM/bmw_com/categories/Innovation/circularityatbmw/cab-00-teaser-hd.jpg]
[www.bmw.com/content/dam/bmw/marketBMWCOM/bmw_com/categories/Innovation/circularityatbmw/cab-00-teaser-high.jpg]
[www.bmw.com/en/magazine/sustainability/how-bmw-protects-our-environment.html]
[www.bmw.com/content/dam/bmw/marketBMWCOM/bmw_com/categories/sustainability/circularityatbmw2/cab2-00-teaser-hd.jpg]
[www.bmw.com/content/dam/bmw/marketBMWCOM/bmw_com/categories/sustainability/circularityatbmw2/cab2-00-teaser-square.jpg]
[www.bmw.com/en/automotive-life/kids-in-the-car.html]
[www.bmw.com/content/dam/bmw/marketBMWCOM/bmw_com/categories/automotive-life/driving-babies/db-00-teaser-hd1.jpg]
[www.bmw.com/content/dam/bmw/marketBMWCOM/bmw_com/categories/automotive-life/driving-babies/db-00-teaser-high1.jpg]
[www.bmw.com/en/events/iaa2021/bmw-i-vision-circular-domagoj-dukec-first-look.html]
[www.bmw.com/content/dam/bmw/marketBMWCOM/bmw_com/events/iaa2021/bmw-i-vision-circular-domagoj-first-look/domagoj-00-teaser-hd.jpg]
[www.bmw.com/content/dam/bmw/marketBMWCOM/bmw_com/events/iaa2021/bmw-i-vision-circular-domagoj-first-look/domagoj-00-teaser-high.jpg]
[www.bmw.com/en/innovation/sustainability-at-bmw-inteview-with-an-expert.html]
[www.bmw.com/content/dam/bmw/marketBMWCOM/bmw_com/categories/Innovation/sus-expert/sue-00-teaser-hd.jpg]
[www.bmw.com/content/dam/bmw/marketBMWCOM/bmw_com/categories/Innovation/sus-expert/sue-00-teaser-high.jpg]
[www.bmw.com/en/innovation/sustainability-at-bmw.html]
[www.bmw.com/content/dam/bmw/marketBMWCOM/bmw_com/categories/Innovation/sus-cars/suscar-00-teaser-hd-02.jpg]
[www.bmw.com/content/dam/bmw/marketBMWCOM/bmw_com/categories/Innovation/sus-cars/suscar-00-teaser-high.jpg]
[www.bmw.com/en/innovation/aquafil-sustainable-materials-in-bmw-interior-design.html]
[www.bmw.com/content/dam/bmw/marketBMWCOM/bmw_com/categories/Innovation/focussing/Fcs-00-teaser-hd.jpg]
[www.bmw.com/en/innovation/life-cycle-of-a-battery-cell.html]
[www.bmw.com/content/dam/bmw/marketBMWCOM/bmw_com/categories/Innovation/battery/ba-00-teaser-hd1.jpg]
[www.bmw.com/content/dam/bmw/marketBMWCOM/bmw_com/categories/Innovation/battery/ba-00-teaser-high.jpg]
[www.bmw.com/en/innovation/bmw-i-10-year-anniversary.html]
[www.bmw.com/content/dam/bmw/marketBMWCOM/bmw_com/categories/Innovation/bmwi/bmwi-00-teaser-hd.jpg]
[www.bmw.com/content/dam/bmw/marketBMWCOM/bmw_com/categories/Innovation/bmwi/bmwi-00-teaser-high.jpg]
[www.bmw.com/en/design/aerodynamic-rims-BMW-iX3-design-meets-art.html]
[www.bmw.com/content/dam/bmw/marketBMWCOM/bmw_com/categories/Design/form-follows-function/fff-00-teaser-high.jpg]
[www.bmw.com/en/innovation/energy-transition-with-bmw-ix3-in-lausitzer-seenland.html]
[www.bmw.com/content/dam/bmw/marketBMWCOM/bmw_com/categories/Innovation/territory-of-change/change-00-teaser-hd.jpg]
[www.bmw.com/content/dam/bmw/marketBMWCOM/bmw_com/categories/Innovation/territory-of-change/change-00-teaser-high.jpg]
[www.bmw.com/en/innovation/upcycling-ideas-for-sustainable-products.html]
[www.bmw.com/content/dam/bmw/marketBMWCOM/bmw_com/categories/Innovation/icollection/ic-00-teaser-hd.jpg]
[www.bmw.com/content/dam/bmw/marketBMWCOM/bmw_com/categories/Innovation/icollection/ic-00-teaser-high.jpg]
[www.bmw.com/en/circular-world.html]
[www.bmw.com/content/dam/bmw/marketBMWCOM/bmw_com/categories/newcat/dj/dj-og.jpg]
[www.bmw.com/content/dam/bmw/marketBMWCOM/bmw_com/categories/newcat/dj/dj-01-stage-hd.jpg]
[www.bmw.com/content/dam/bmw/marketBMWCOM/bmw_com/categories/newcat/dj/dj-01-stage-portrait.jpg]
[www.bmw.com/content/dam/bmw/marketBMWCOM/bmw_com/categories/digital-journey/i5/i5-00-teaser-square.jpg]
[www.bmw.com/en/digital-journey.html]
